Archive member included to satisfy reference by file (symbol)

../src/ASF/thirdparty/wireless/services/common_hw_timer/mega/lib\libmegarfr2_lib_hw_timer.a(common_hw_timer.o)
                              src/ASF/thirdparty/wireless/avr2025_mac/source/pal/common_sw_timer/common_sw_timer.o (common_tc_read_count)
c:/program files (x86)/atmel/studio/7.0/toolchain/avr8/avr8-gnu-toolchain/bin/../lib/gcc/avr/5.4.0/../../../../avr/lib/avr6\libm.a(addsf3.o)
                              src/ASF/thirdparty/wireless/avr2025_mac/source/tal/src/tal_helper.o (__subsf3)
c:/program files (x86)/atmel/studio/7.0/toolchain/avr8/avr8-gnu-toolchain/bin/../lib/gcc/avr/5.4.0/../../../../avr/lib/avr6\libm.a(addsf3x.o)
                              c:/program files (x86)/atmel/studio/7.0/toolchain/avr8/avr8-gnu-toolchain/bin/../lib/gcc/avr/5.4.0/../../../../avr/lib/avr6\libm.a(addsf3.o) (__addsf3x)
c:/program files (x86)/atmel/studio/7.0/toolchain/avr8/avr8-gnu-toolchain/bin/../lib/gcc/avr/5.4.0/../../../../avr/lib/avr6\libm.a(cmpsf2.o)
                              src/ASF/thirdparty/wireless/avr2025_mac/source/tal/src/tal_helper.o (__ltsf2)
c:/program files (x86)/atmel/studio/7.0/toolchain/avr8/avr8-gnu-toolchain/bin/../lib/gcc/avr/5.4.0/../../../../avr/lib/avr6\libm.a(fixsfsi.o)
                              src/ASF/thirdparty/wireless/avr2025_mac/source/tal/src/tal_helper.o (__fixsfsi)
c:/program files (x86)/atmel/studio/7.0/toolchain/avr8/avr8-gnu-toolchain/bin/../lib/gcc/avr/5.4.0/../../../../avr/lib/avr6\libm.a(fixunssfsi.o)
                              src/ASF/thirdparty/wireless/avr2025_mac/source/tal/src/tal_helper.o (__fixunssfsi)
c:/program files (x86)/atmel/studio/7.0/toolchain/avr8/avr8-gnu-toolchain/bin/../lib/gcc/avr/5.4.0/../../../../avr/lib/avr6\libm.a(floatsisf.o)
                              src/ASF/thirdparty/wireless/avr2025_mac/source/tfa/atmegarfr2/src/tfa.o (__floatunsisf)
c:/program files (x86)/atmel/studio/7.0/toolchain/avr8/avr8-gnu-toolchain/bin/../lib/gcc/avr/5.4.0/../../../../avr/lib/avr6\libm.a(fp_cmp.o)
                              c:/program files (x86)/atmel/studio/7.0/toolchain/avr8/avr8-gnu-toolchain/bin/../lib/gcc/avr/5.4.0/../../../../avr/lib/avr6\libm.a(cmpsf2.o) (__fp_cmp)
c:/program files (x86)/atmel/studio/7.0/toolchain/avr8/avr8-gnu-toolchain/bin/../lib/gcc/avr/5.4.0/../../../../avr/lib/avr6\libm.a(fp_inf.o)
                              c:/program files (x86)/atmel/studio/7.0/toolchain/avr8/avr8-gnu-toolchain/bin/../lib/gcc/avr/5.4.0/../../../../avr/lib/avr6\libm.a(addsf3x.o) (__fp_inf)
c:/program files (x86)/atmel/studio/7.0/toolchain/avr8/avr8-gnu-toolchain/bin/../lib/gcc/avr/5.4.0/../../../../avr/lib/avr6\libm.a(fp_nan.o)
                              c:/program files (x86)/atmel/studio/7.0/toolchain/avr8/avr8-gnu-toolchain/bin/../lib/gcc/avr/5.4.0/../../../../avr/lib/avr6\libm.a(addsf3x.o) (__fp_nan)
c:/program files (x86)/atmel/studio/7.0/toolchain/avr8/avr8-gnu-toolchain/bin/../lib/gcc/avr/5.4.0/../../../../avr/lib/avr6\libm.a(fp_pscA.o)
                              c:/program files (x86)/atmel/studio/7.0/toolchain/avr8/avr8-gnu-toolchain/bin/../lib/gcc/avr/5.4.0/../../../../avr/lib/avr6\libm.a(addsf3x.o) (__fp_pscA)
c:/program files (x86)/atmel/studio/7.0/toolchain/avr8/avr8-gnu-toolchain/bin/../lib/gcc/avr/5.4.0/../../../../avr/lib/avr6\libm.a(fp_pscB.o)
                              c:/program files (x86)/atmel/studio/7.0/toolchain/avr8/avr8-gnu-toolchain/bin/../lib/gcc/avr/5.4.0/../../../../avr/lib/avr6\libm.a(addsf3x.o) (__fp_pscB)
c:/program files (x86)/atmel/studio/7.0/toolchain/avr8/avr8-gnu-toolchain/bin/../lib/gcc/avr/5.4.0/../../../../avr/lib/avr6\libm.a(fp_round.o)
                              c:/program files (x86)/atmel/studio/7.0/toolchain/avr8/avr8-gnu-toolchain/bin/../lib/gcc/avr/5.4.0/../../../../avr/lib/avr6\libm.a(addsf3.o) (__fp_round)
c:/program files (x86)/atmel/studio/7.0/toolchain/avr8/avr8-gnu-toolchain/bin/../lib/gcc/avr/5.4.0/../../../../avr/lib/avr6\libm.a(fp_split3.o)
                              c:/program files (x86)/atmel/studio/7.0/toolchain/avr8/avr8-gnu-toolchain/bin/../lib/gcc/avr/5.4.0/../../../../avr/lib/avr6\libm.a(addsf3x.o) (__fp_split3)
c:/program files (x86)/atmel/studio/7.0/toolchain/avr8/avr8-gnu-toolchain/bin/../lib/gcc/avr/5.4.0/../../../../avr/lib/avr6\libm.a(fp_zero.o)
                              c:/program files (x86)/atmel/studio/7.0/toolchain/avr8/avr8-gnu-toolchain/bin/../lib/gcc/avr/5.4.0/../../../../avr/lib/avr6\libm.a(addsf3x.o) (__fp_zero)
c:/program files (x86)/atmel/studio/7.0/toolchain/avr8/avr8-gnu-toolchain/bin/../lib/gcc/avr/5.4.0/../../../../avr/lib/avr6\libm.a(gesf2.o)
                              src/ASF/thirdparty/wireless/avr2025_mac/source/tal/src/tal_helper.o (__gtsf2)
c:/program files (x86)/atmel/studio/7.0/toolchain/avr8/avr8-gnu-toolchain/bin/../lib/gcc/avr/5.4.0/../../../../avr/lib/avr6\libm.a(mulsf3.o)
[...]
Memory Configuration

Name             Origin             Length             Attributes
text             0x00000000         0x00100000         xr
data             0x00800200         0x0000fe00         rw !x
eeprom           0x00810000         0x00010000         rw !x
fuse             0x00820000         0x00000003         rw !x
lock             0x00830000         0x00000400         rw !x
signature        0x00840000         0x00000400         rw !x
user_signatures  0x00850000         0x00000400         rw !x
*default*        0x00000000         0xffffffff

Linker script and memory map

Address of section .data set to 0x800200
LOAD C:/Program Files (x86)/Atmel/Studio/7.0/Packs/atmel/ATmega_DFP/1.3.300/gcc/dev/atmega256rfr2/avr6/crtatmega256rfr2.o
LOAD src/usr_wireless.o
LOAD src/Wireless/wireless_api.o
LOAD src/ASF/common/boards/user_board/init.o
LOAD src/ASF/common/services/clock/mega/sysclk.o
LOAD src/ASF/thirdparty/wireless/avr2025_mac/source/pal/common_sw_timer/common_sw_timer.o
LOAD src/ASF/thirdparty/wireless/avr2025_mac/source/pal/pal.o
LOAD src/ASF/thirdparty/wireless/avr2025_mac/source/resources/buffer/src/bmm.o
LOAD src/ASF/thirdparty/wireless/avr2025_mac/source/resources/queue/src/qmm.o
LOAD src/ASF/thirdparty/wireless/avr2025_mac/source/tal/atmegarfr2/src/tal.o
LOAD src/ASF/thirdparty/wireless/avr2025_mac/source/tal/atmegarfr2/src/tal_ed.o
LOAD src/ASF/thirdparty/wireless/avr2025_mac/source/tal/atmegarfr2/src/tal_init.o
LOAD src/ASF/thirdparty/wireless/avr2025_mac/source/tal/atmegarfr2/src/tal_irq_handler.o
LOAD src/ASF/thirdparty/wireless/avr2025_mac/source/tal/atmegarfr2/src/tal_pib.o
LOAD src/ASF/thirdparty/wireless/avr2025_mac/source/tal/atmegarfr2/src/tal_pwr_mgmt.o
LOAD src/ASF/thirdparty/wireless/avr2025_mac/source/tal/atmegarfr2/src/tal_rx.o
LOAD src/ASF/thirdparty/wireless/avr2025_mac/source/tal/atmegarfr2/src/tal_rx_enable.o
LOAD src/ASF/thirdparty/wireless/avr2025_mac/source/tal/atmegarfr2/src/tal_slotted_csma.o
LOAD src/ASF/thirdparty/wireless/avr2025_mac/source/tal/atmegarfr2/src/tal_tx.o
LOAD src/ASF/thirdparty/wireless/avr2025_mac/source/tal/src/tal_helper.o
LOAD src/ASF/thirdparty/wireless/avr2025_mac/source/tfa/atmegarfr2/src/tfa.o
LOAD src/ASF/thirdparty/wireless/services/common_hw_timer/mega/hw_timer.o
LOAD src/ASF/thirdparty/wireless/services/mega/drivers/tc/tc_megarf.o
LOAD src/main.o
START GROUP
LOAD ../src/ASF/thirdparty/wireless/services/common_hw_timer/mega/lib\libmegarfr2_lib_hw_timer.a
LOAD c:/program files (x86)/atmel/studio/7.0/toolchain/avr8/avr8-gnu-toolchain/bin/../lib/gcc/avr/5.4.0/../../../../avr/lib/avr6\libm.a
END GROUP
START GROUP
LOAD c:/program files (x86)/atmel/studio/7.0/toolchain/avr8/avr8-gnu-toolchain/bin/../lib/gcc/avr/5.4.0/avr6\libgcc.a
LOAD c:/program files (x86)/atmel/studio/7.0/toolchain/avr8/avr8-gnu-toolchain/bin/../lib/gcc/avr/5.4.0/../../../../avr/lib/avr6\libm.a
LOAD c:/program files (x86)/atmel/studio/7.0/toolchain/avr8/avr8-gnu-toolchain/bin/../lib/gcc/avr/5.4.0/../../../../avr/lib/avr6\libc.a
LOAD C:/Program Files (x86)/Atmel/Studio/7.0/Packs/atmel/ATmega_DFP/1.3.300/gcc/dev/atmega256rfr2/avr6\libatmega256rfr2.a
END GROUP
                0x00000000                __TEXT_REGION_ORIGIN__ = DEFINED (__TEXT_REGION_ORIGIN__)?__TEXT_REGION_ORIGIN__:0x0
                0x00800200                __DATA_REGION_ORIGIN__ = DEFINED (__DATA_REGION_ORIGIN__)?__DATA_REGION_ORIGIN__:0x800200
                0x00100000                __TEXT_REGION_LENGTH__ = DEFINED (__TEXT_REGION_LENGTH__)?__TEXT_REGION_LENGTH__:0x100000
                0x0000fe00                __DATA_REGION_LENGTH__ = DEFINED (__DATA_REGION_LENGTH__)?__DATA_REGION_LENGTH__:0xfe00
                0x00010000                __EEPROM_REGION_LENGTH__ = DEFINED (__EEPROM_REGION_LENGTH__)?__EEPROM_REGION_LENGTH__:0x10000
                [0x00000003]                __FUSE_REGION_LENGTH__ = DEFINED (__FUSE_REGION_LENGTH__)?__FUSE_REGION_LENGTH__:0x400
                0x00000400                __LOCK_REGION_LENGTH__ = DEFINED (__LOCK_REGION_LENGTH__)?__LOCK_REGION_LENGTH__:0x400
                0x00000400                __SIGNATURE_REGION_LENGTH__ = DEFINED (__SIGNATURE_REGION_LENGTH__)?__SIGNATURE_REGION_LENGTH__:0x400
                0x00000400                __USER_SIGNATURE_REGION_LENGTH__ = DEFINED (__USER_SIGNATURE_REGION_LENGTH__)?__USER_SIGNATURE_REGION_LENGTH__:0x400

.hash
 *(.hash)

.dynsym
 *(.dynsym)

.dynstr
 *(.dynstr)

.gnu.version
 *(.gnu.version)

.gnu.version_d
 *(.gnu.version_d)

.gnu.version_r
 *(.gnu.version_r)

.rel.init
 *(.rel.init)

.rela.init
 *(.rela.init)

.rel.text
 *(.rel.text)
 *(.rel.text.*)
 *(.rel.gnu.linkonce.t*)

.rela.text
 *(.rela.text)
 *(.rela.text.*)
 *(.rela.gnu.linkonce.t*)

.rel.fini
 *(.rel.fini)

.rela.fini
 *(.rela.fini)

.rel.rodata
 *(.rel.rodata)
 *(.rel.rodata.*)
 *(.rel.gnu.linkonce.r*)

.rela.rodata
 *(.rela.rodata)
 *(.rela.rodata.*)
 *(.rela.gnu.linkonce.r*)

.rel.data
 *(.rel.data)
 *(.rel.data.*)
 *(.rel.gnu.linkonce.d*)

.rela.data
 *(.rela.data)
 *(.rela.data.*)
 *(.rela.gnu.linkonce.d*)

.rel.ctors
 *(.rel.ctors)

.rela.ctors
 *(.rela.ctors)

.rel.dtors
 *(.rel.dtors)

.rela.dtors
 *(.rela.dtors)

.rel.got
 *(.rel.got)

.rela.got
 *(.rela.got)

.rel.bss
 *(.rel.bss)

.rela.bss
 *(.rela.bss)

.rel.plt
 *(.rel.plt)

.rela.plt
 *(.rela.plt)

.text           0x00000000     0x28f6
 *(.vectors)
 .vectors       0x00000000      0x134 C:/Program Files (x86)/Atmel/Studio/7.0/Packs/atmel/ATmega_DFP/1.3.300/gcc/dev/atmega256rfr2/avr6/crtatmega256rfr2.o
                0x00000000                __vector_default
                0x00000000                __vectors
 *(.vectors)
 *(.progmem.gcc*)
 .progmem.gcc_sw_table.set_trx_state
                0x00000134       0x2e src/ASF/thirdparty/wireless/avr2025_mac/source/tal/atmegarfr2/src/tal.o
                0x00000162                . = ALIGN (0x2)
                0x00000162                __trampolines_start = .
 *(.trampolines)
 .trampolines   0x00000162        0x0 linker stubs
 *(.trampolines*)
                0x00000162                __trampolines_end = .
 *libprintf_flt.a:*(.progmem.data)
 *libc.a:*(.progmem.data)
 *(.progmem*)
 .progmem.data.tx_pwr_table
                0x00000162       0x10 src/ASF/thirdparty/wireless/avr2025_mac/source/tal/atmegarfr2/src/tal_pib.o
                0x00000162                tx_pwr_table
                0x00000172                . = ALIGN (0x2)
 *(.jumptables)
 *(.jumptables*)
 *(.lowtext)
 *(.lowtext*)
                0x00000172                __ctors_start = .
 *(.ctors)
                0x00000172                __ctors_end = .
                0x00000172                __dtors_start = .
 *(.dtors)
                0x00000172                __dtors_end = .
 SORT(*)(.ctors)
 SORT(*)(.dtors)
 *(.init0)
 .init0         0x00000172        0x0 C:/Program Files (x86)/Atmel/Studio/7.0/Packs/atmel/ATmega_DFP/1.3.300/gcc/dev/atmega256rfr2/avr6/crtatmega256rfr2.o
                0x00000172                __init
 *(.init0)
 *(.init1)
 *(.init1)
 *(.init2)
 .init2         0x00000172       0x10 C:/Program Files (x86)/Atmel/Studio/7.0/Packs/atmel/ATmega_DFP/1.3.300/gcc/dev/atmega256rfr2/avr6/crtatmega256rfr2.o
 *(.init2)
 *(.init3)
 *(.init3)
 *(.init4)
 .init4         0x00000182       0x1a c:/program files (x86)/atmel/studio/7.0/toolchain/avr8/avr8-gnu-toolchain/bin/../lib/gcc/avr/5.4.0/avr6\libgcc.a(_copy_data.o)
                0x00000182                __do_copy_data
 .init4         0x0000019c       0x10 c:/program files (x86)/atmel/studio/7.0/toolchain/avr8/avr8-gnu-toolchain/bin/../lib/gcc/avr/5.4.0/avr6\libgcc.a(_clear_bss.o)
                0x0000019c                __do_clear_bss
 *(.init4)
 *(.init5)
 *(.init5)
 *(.init6)
 *(.init6)
 *(.init7)
 *(.init7)
 *(.init8)
 *(.init8)
 *(.init9)
 .init9         0x000001ac        0x8 C:/Program Files (x86)/Atmel/Studio/7.0/Packs/atmel/ATmega_DFP/1.3.300/gcc/dev/atmega256rfr2/avr6/crtatmega256rfr2.o
 *(.init9)
 *(.text)
 .text          0x000001b4        0x2 C:/Program Files (x86)/Atmel/Studio/7.0/Packs/atmel/ATmega_DFP/1.3.300/gcc/dev/atmega256rfr2/avr6/crtatmega256rfr2.o
                0x000001b4                __vector_38
                0x000001b4                __vector_22
                0x000001b4                __vector_28
                0x000001b4                __vector_67
                0x000001b4                __vector_1
                0x000001b4                __vector_24
                0x000001b4                __vector_12
                0x000001b4                __vector_55
                0x000001b4                __vector_69
                0x000001b4                __vector_46
                0x000001b4                __bad_interrupt
                0x000001b4                __vector_6
                0x000001b4                __vector_31
                0x000001b4                __vector_39
                0x000001b4                __vector_3
                0x000001b4                __vector_23
                0x000001b4                __vector_68
                0x000001b4                __vector_30
                0x000001b4                __vector_25
                0x000001b4                __vector_11
                0x000001b4                __vector_54
                0x000001b4                __vector_13
                0x000001b4                __vector_56
                0x000001b4                __vector_7
                0x000001b4                __vector_41
                0x000001b4                __vector_27
                0x000001b4                __vector_5
                0x000001b4                __vector_52
                0x000001b4                __vector_37
                0x000001b4                __vector_4
                0x000001b4                __vector_51
                0x000001b4                __vector_9
                0x000001b4                __vector_2
                0x000001b4                __vector_21
                0x000001b4                __vector_15
                0x000001b4                __vector_66
                0x000001b4                __vector_36
                0x000001b4                __vector_29
                0x000001b4                __vector_40
                0x000001b4                __vector_8
                0x000001b4                __vector_26
                0x000001b4                __vector_14
                0x000001b4                __vector_53
                0x000001b4                __vector_10
                0x000001b4                __vector_16
                0x000001b4                __vector_65
 .text          0x000001b6      0x216 ../src/ASF/thirdparty/wireless/services/common_hw_timer/mega/lib\libmegarfr2_lib_hw_timer.a(common_hw_timer.o)
                0x000001b6                common_tc_read_count
                0x00000206                common_tc_compare_stop
                0x0000022a                common_tc_overflow_stop
                0x00000234                common_tc_stop
                0x0000023c                common_tc_delay
                0x00000326                common_tc_init
                0x00000334                tmr_ovf_callback
                0x000003a4                tmr_cca_callback
                0x000003b8                set_common_tc_overflow_callback
                0x000003c2                set_common_tc_expiry_callback
                0x000003cc                . = ALIGN (0x2)
 *(.text.*)
 .text.__portable_avr_delay_cycles
                0x000003cc       0x16 src/usr_wireless.o
 .text.usr_wireless_app_task
                0x000003e2       0x2e src/usr_wireless.o
                0x000003e2                usr_wireless_app_task
 .text.usr_frame_received_cb
                0x00000410       0x54 src/usr_wireless.o
                0x00000410                usr_frame_received_cb
 .text.usr_frame_transmitted_cb
                0x00000464        0x2 src/usr_wireless.o
                0x00000464                usr_frame_transmitted_cb
 .text.transmit_frame
                0x00000466      0x144 src/Wireless/wireless_api.o
                0x00000466                transmit_frame
 .text.transmit_sample_frame
                0x000005aa       0x66 src/Wireless/wireless_api.o
                0x000005aa                transmit_sample_frame
 .text.init_data_reception
                0x00000610        0x8 src/Wireless/wireless_api.o
                0x00000610                init_data_reception
 .text.wireless_init
                0x00000618       0x7c src/Wireless/wireless_api.o
                0x00000618                wireless_init
 .text.board_init
                0x00000694        0x2 src/ASF/common/boards/user_board/init.o
                0x00000694                board_init
 .text.modules_init
                0x00000696        0x2 src/ASF/common/boards/user_board/init.o
                0x00000696                modules_init
 .text.sysclk_init
                0x00000698       0x36 src/ASF/common/services/clock/mega/sysclk.o
                0x00000698                sysclk_init
 .text.sysclk_enable_module
                0x000006ce       0x30 src/ASF/common/services/clock/mega/sysclk.o
                0x000006ce                sysclk_enable_module
 .text.sysclk_disable_module
                0x000006fe       0x2e src/ASF/common/services/clock/mega/sysclk.o
                0x000006fe                sysclk_disable_module
 .text.hw_expiry_cb
                0x0000072c       0x10 src/ASF/thirdparty/wireless/avr2025_mac/source/pal/common_sw_timer/common_sw_timer.o
                0x0000072c                hw_expiry_cb
 .text.hw_overflow_cb
                0x0000073c       0xb4 src/ASF/thirdparty/wireless/avr2025_mac/source/pal/common_sw_timer/common_sw_timer.o
                0x0000073c                hw_overflow_cb
 .text.load_hw_timer
                0x000007f0       0xdc src/ASF/thirdparty/wireless/avr2025_mac/source/pal/common_sw_timer/common_sw_timer.o
 .text.internal_timer_handler
                0x000008cc       0xba src/ASF/thirdparty/wireless/avr2025_mac/source/pal/common_sw_timer/common_sw_timer.o
 .text.sw_timer_init
                0x00000986       0x48 src/ASF/thirdparty/wireless/avr2025_mac/source/pal/common_sw_timer/common_sw_timer.o
                0x00000986                sw_timer_init
 .text.sw_timer_service
                0x000009ce       0xa6 src/ASF/thirdparty/wireless/avr2025_mac/source/pal/common_sw_timer/common_sw_timer.o
                0x000009ce                sw_timer_service
 .text.pal_init
                0x00000a74        0x4 src/ASF/thirdparty/wireless/avr2025_mac/source/pal/pal.o
                0x00000a74                pal_init
 .text.pal_task
                0x00000a78        0x4 src/ASF/thirdparty/wireless/avr2025_mac/source/pal/pal.o
                0x00000a78                pal_task
 .text.bmm_buffer_init
                0x00000a7c       0x48 src/ASF/thirdparty/wireless/avr2025_mac/source/resources/buffer/src/bmm.o
                0x00000a7c                bmm_buffer_init
 .text.bmm_buffer_alloc
                0x00000ac4        0xc src/ASF/thirdparty/wireless/avr2025_mac/source/resources/buffer/src/bmm.o
                0x00000ac4                bmm_buffer_alloc
 .text.bmm_buffer_free
                0x00000ad0        0xe src/ASF/thirdparty/wireless/avr2025_mac/source/resources/buffer/src/bmm.o
                0x00000ad0                bmm_buffer_free
 .text.queue_read_or_remove
                0x00000ade      0x108 src/ASF/thirdparty/wireless/avr2025_mac/source/resources/queue/src/qmm.o
 .text.qmm_queue_init
                0x00000be6        0xe src/ASF/thirdparty/wireless/avr2025_mac/source/resources/queue/src/qmm.o
                0x00000be6                qmm_queue_init
 .text.qmm_queue_append
                0x00000bf4       0x4a src/ASF/thirdparty/wireless/avr2025_mac/source/resources/queue/src/qmm.o
                0x00000bf4                qmm_queue_append
 .text.qmm_queue_remove
                0x00000c3e        0x8 src/ASF/thirdparty/wireless/avr2025_mac/source/resources/queue/src/qmm.o
                0x00000c3e                qmm_queue_remove
 .text.__portable_avr_delay_cycles
                0x00000c46       0x16 src/ASF/thirdparty/wireless/avr2025_mac/source/tal/atmegarfr2/src/tal.o
 .text.switch_pll_on
                0x00000c5c       0x40 src/ASF/thirdparty/wireless/avr2025_mac/source/tal/atmegarfr2/src/tal.o
 .text.set_trx_state
                0x00000c9c      0x296 src/ASF/thirdparty/wireless/avr2025_mac/source/tal/atmegarfr2/src/tal.o
                0x00000c9c                set_trx_state
 .text.tal_task
                0x00000f32       0x7a src/ASF/thirdparty/wireless/avr2025_mac/source/tal/atmegarfr2/src/tal.o
                0x00000f32                tal_task
 .text.__portable_avr_delay_cycles
                0x00000fac       0x16 src/ASF/thirdparty/wireless/avr2025_mac/source/tal/atmegarfr2/src/tal_init.o
 .text.tal_generate_rand_seed
                0x00000fc2       0x86 src/ASF/thirdparty/wireless/avr2025_mac/source/tal/atmegarfr2/src/tal_init.o
                0x00000fc2                tal_generate_rand_seed
 .text.internal_tal_reset
                0x00001048       0xe2 src/ASF/thirdparty/wireless/avr2025_mac/source/tal/atmegarfr2/src/tal_init.o
 .text.tal_init
                0x0000112a      0x146 src/ASF/thirdparty/wireless/avr2025_mac/source/tal/atmegarfr2/src/tal_init.o
                0x0000112a                tal_init
 .text.pal_trx_irq_init_tx_end
                0x00001270        0xa src/ASF/thirdparty/wireless/avr2025_mac/source/tal/atmegarfr2/src/tal_irq_handler.o
                0x00001270                pal_trx_irq_init_tx_end
 .text.pal_trx_irq_init_rx_end
                0x0000127a        0xa src/ASF/thirdparty/wireless/avr2025_mac/source/tal/atmegarfr2/src/tal_irq_handler.o
                0x0000127a                pal_trx_irq_init_rx_end
 .text.pal_trx_irq_init_awake
                0x00001284        0xa src/ASF/thirdparty/wireless/avr2025_mac/source/tal/atmegarfr2/src/tal_irq_handler.o
                0x00001284                pal_trx_irq_init_awake
 .text.__vector_63
                0x0000128e       0x56 src/ASF/thirdparty/wireless/avr2025_mac/source/tal/atmegarfr2/src/tal_irq_handler.o
                0x0000128e                __vector_63
 .text.__vector_60
                0x000012e4       0x56 src/ASF/thirdparty/wireless/avr2025_mac/source/tal/atmegarfr2/src/tal_irq_handler.o
                0x000012e4                __vector_60
 .text.__vector_61
                0x0000133a       0x56 src/ASF/thirdparty/wireless/avr2025_mac/source/tal/atmegarfr2/src/tal_irq_handler.o
                0x0000133a                __vector_61
 .text.__vector_64
                0x00001390       0x56 src/ASF/thirdparty/wireless/avr2025_mac/source/tal/atmegarfr2/src/tal_irq_handler.o
                0x00001390                __vector_64
 .text.__vector_59
                0x000013e6       0x14 src/ASF/thirdparty/wireless/avr2025_mac/source/tal/atmegarfr2/src/tal_irq_handler.o
                0x000013e6                __vector_59
 .text.__vector_57
                0x000013fa       0x14 src/ASF/thirdparty/wireless/avr2025_mac/source/tal/atmegarfr2/src/tal_irq_handler.o
                0x000013fa                __vector_57
 .text.__vector_58
                0x0000140e       0x14 src/ASF/thirdparty/wireless/avr2025_mac/source/tal/atmegarfr2/src/tal_irq_handler.o
                0x0000140e                __vector_58
 .text.__vector_62
                0x00001422       0x14 src/ASF/thirdparty/wireless/avr2025_mac/source/tal/atmegarfr2/src/tal_irq_handler.o
                0x00001422                __vector_62
 .text.__vector_71
                0x00001436       0x14 src/ASF/thirdparty/wireless/avr2025_mac/source/tal/atmegarfr2/src/tal_irq_handler.o
                0x00001436                __vector_71
 .text.__vector_70
                0x0000144a       0x14 src/ASF/thirdparty/wireless/avr2025_mac/source/tal/atmegarfr2/src/tal_irq_handler.o
                0x0000144a                __vector_70
 .text.__vector_72
                0x0000145e       0x14 src/ASF/thirdparty/wireless/avr2025_mac/source/tal/atmegarfr2/src/tal_irq_handler.o
                0x0000145e                __vector_72
 .text.__vector_73
                0x00001472       0x14 src/ASF/thirdparty/wireless/avr2025_mac/source/tal/atmegarfr2/src/tal_irq_handler.o
                0x00001472                __vector_73
 .text.__vector_74
                0x00001486       0x14 src/ASF/thirdparty/wireless/avr2025_mac/source/tal/atmegarfr2/src/tal_irq_handler.o
                0x00001486                __vector_74
 .text.__vector_75
                0x0000149a       0x14 src/ASF/thirdparty/wireless/avr2025_mac/source/tal/atmegarfr2/src/tal_irq_handler.o
                0x0000149a                __vector_75
 .text.__vector_76
                0x000014ae       0x14 src/ASF/thirdparty/wireless/avr2025_mac/source/tal/atmegarfr2/src/tal_irq_handler.o
                0x000014ae                __vector_76
 .text.trx_rx_end_handler_cb
                0x000014c2       0x22 src/ASF/thirdparty/wireless/avr2025_mac/source/tal/atmegarfr2/src/tal_irq_handler.o
                0x000014c2                trx_rx_end_handler_cb
 .text.trx_tx_end_handler_cb
                0x000014e4       0x22 src/ASF/thirdparty/wireless/avr2025_mac/source/tal/atmegarfr2/src/tal_irq_handler.o
                0x000014e4                trx_tx_end_handler_cb
 .text.trx_awake_handler_cb
                0x00001506        0x8 src/ASF/thirdparty/wireless/avr2025_mac/source/tal/atmegarfr2/src/tal_irq_handler.o
                0x00001506                trx_awake_handler_cb
 .text.limit_tx_pwr
                0x0000150e       0x60 src/ASF/thirdparty/wireless/avr2025_mac/source/tal/atmegarfr2/src/tal_pib.o
 .text.init_tal_pib
                0x0000156e       0x5a src/ASF/thirdparty/wireless/avr2025_mac/source/tal/atmegarfr2/src/tal_pib.o
                0x0000156e                init_tal_pib
 .text.convert_phyTransmitPower_to_reg_value
                0x000015c8       0x42 src/ASF/thirdparty/wireless/avr2025_mac/source/tal/atmegarfr2/src/tal_pib.o
                0x000015c8                convert_phyTransmitPower_to_reg_value
 .text.write_all_tal_pib_to_trx
                0x0000160a       0xb6 src/ASF/thirdparty/wireless/avr2025_mac/source/tal/atmegarfr2/src/tal_pib.o
                0x0000160a                write_all_tal_pib_to_trx
 .text.tal_pib_set
                0x000016c0      0x234 src/ASF/thirdparty/wireless/avr2025_mac/source/tal/atmegarfr2/src/tal_pib.o
                0x000016c0                tal_pib_set
 .text.__portable_avr_delay_cycles
                0x000018f4       0x16 src/ASF/thirdparty/wireless/avr2025_mac/source/tal/atmegarfr2/src/tal_rx.o
 .text.handle_received_frame_irq
                0x0000190a       0xda src/ASF/thirdparty/wireless/avr2025_mac/source/tal/atmegarfr2/src/tal_rx.o
                0x0000190a                handle_received_frame_irq
 .text.process_incoming_frame
                0x000019e4       0x7e src/ASF/thirdparty/wireless/avr2025_mac/source/tal/atmegarfr2/src/tal_rx.o
                0x000019e4                process_incoming_frame
 .text.tal_rx_enable
                0x00001a62       0x38 src/ASF/thirdparty/wireless/avr2025_mac/source/tal/atmegarfr2/src/tal_rx_enable.o
                0x00001a62                tal_rx_enable
 .text.__portable_avr_delay_cycles
                0x00001a9a       0x16 src/ASF/thirdparty/wireless/avr2025_mac/source/tal/atmegarfr2/src/tal_tx.o
 .text.tx_done_handling
                0x00001ab0       0x44 src/ASF/thirdparty/wireless/avr2025_mac/source/tal/atmegarfr2/src/tal_tx.o
                0x00001ab0                tx_done_handling
 .text.send_frame
                0x00001af4      0x114 src/ASF/thirdparty/wireless/avr2025_mac/source/tal/atmegarfr2/src/tal_tx.o
                0x00001af4                send_frame
 .text.tal_tx_frame
                0x00001c08       0x3e src/ASF/thirdparty/wireless/avr2025_mac/source/tal/atmegarfr2/src/tal_tx.o
                0x00001c08                tal_tx_frame
 .text.handle_tx_end_irq
                0x00001c46       0x3a src/ASF/thirdparty/wireless/avr2025_mac/source/tal/atmegarfr2/src/tal_tx.o
                0x00001c46                handle_tx_end_irq
 .text.tal_ant_div_config
                0x00001c80       0xf2 src/ASF/thirdparty/wireless/avr2025_mac/source/tal/src/tal_helper.o
                0x00001c80                tal_ant_div_config
 .text.tfa_pib_set
                0x00001d72       0x50 src/ASF/thirdparty/wireless/avr2025_mac/source/tfa/atmegarfr2/src/tfa.o
                0x00001d72                tfa_pib_set
 .text.tfa_init
                0x00001dc2       0x22 src/ASF/thirdparty/wireless/avr2025_mac/source/tfa/atmegarfr2/src/tfa.o
                0x00001dc2                tfa_init
 .text.tc_ovf_callback
                0x00001de4        0x6 src/ASF/thirdparty/wireless/services/common_hw_timer/mega/hw_timer.o
                0x00001de4                tc_ovf_callback
 .text.tc_cca_callback
                0x00001dea        0x6 src/ASF/thirdparty/wireless/services/common_hw_timer/mega/hw_timer.o
                0x00001dea                tc_cca_callback
 .text.tmr_read_count
                0x00001df0        0xa src/ASF/thirdparty/wireless/services/common_hw_timer/mega/hw_timer.o
                0x00001df0                tmr_read_count
 .text.tmr_disable_cc_interrupt
                0x00001dfa        0xe src/ASF/thirdparty/wireless/services/common_hw_timer/mega/hw_timer.o
                0x00001dfa                tmr_disable_cc_interrupt
 .text.tmr_enable_cc_interrupt
                0x00001e08        0xe src/ASF/thirdparty/wireless/services/common_hw_timer/mega/hw_timer.o
                0x00001e08                tmr_enable_cc_interrupt
 .text.tmr_disable_ovf_interrupt
                0x00001e16        0xe src/ASF/thirdparty/wireless/services/common_hw_timer/mega/hw_timer.o
                0x00001e16                tmr_disable_ovf_interrupt
 .text.tmr_stop
                0x00001e24        0x8 src/ASF/thirdparty/wireless/services/common_hw_timer/mega/hw_timer.o
                0x00001e24                tmr_stop
 .text.tmr_write_cmpreg
                0x00001e2c       0x16 src/ASF/thirdparty/wireless/services/common_hw_timer/mega/hw_timer.o
                0x00001e2c                tmr_write_cmpreg
 .text.save_cpu_interrupt
                0x00001e42       0x1a src/ASF/thirdparty/wireless/services/common_hw_timer/mega/hw_timer.o
                0x00001e42                save_cpu_interrupt
 .text.restore_cpu_interrupt
                0x00001e5c        0x4 src/ASF/thirdparty/wireless/services/common_hw_timer/mega/hw_timer.o
                0x00001e5c                restore_cpu_interrupt
 .text.tmr_init
                0x00001e60       0x40 src/ASF/thirdparty/wireless/services/common_hw_timer/mega/hw_timer.o
                0x00001e60                tmr_init
 .text.__vector_20
                0x00001ea0       0x5a src/ASF/thirdparty/wireless/services/mega/drivers/tc/tc_megarf.o
                0x00001ea0                __vector_20
 .text.__vector_17
                0x00001efa       0x5a src/ASF/thirdparty/wireless/services/mega/drivers/tc/tc_megarf.o
                0x00001efa                __vector_17
 .text.__vector_18
                0x00001f54       0x5a src/ASF/thirdparty/wireless/services/mega/drivers/tc/tc_megarf.o
                0x00001f54                __vector_18
 .text.__vector_19
                0x00001fae       0x5a src/ASF/thirdparty/wireless/services/mega/drivers/tc/tc_megarf.o
                0x00001fae                __vector_19
 .text.__vector_35
                0x00002008       0x5a src/ASF/thirdparty/wireless/services/mega/drivers/tc/tc_megarf.o
                0x00002008                __vector_35
 .text.__vector_32
                0x00002062       0x5a src/ASF/thirdparty/wireless/services/mega/drivers/tc/tc_megarf.o
                0x00002062                __vector_32
 .text.__vector_33
                0x000020bc       0x5a src/ASF/thirdparty/wireless/services/mega/drivers/tc/tc_megarf.o
                0x000020bc                __vector_33
 .text.__vector_34
                0x00002116       0x5a src/ASF/thirdparty/wireless/services/mega/drivers/tc/tc_megarf.o
                0x00002116                __vector_34
 .text.__vector_45
                0x00002170       0x5a src/ASF/thirdparty/wireless/services/mega/drivers/tc/tc_megarf.o
                0x00002170                __vector_45
 .text.__vector_42
                0x000021ca       0x5a src/ASF/thirdparty/wireless/services/mega/drivers/tc/tc_megarf.o
                0x000021ca                __vector_42
 .text.__vector_43
                0x00002224       0x5a src/ASF/thirdparty/wireless/services/mega/drivers/tc/tc_megarf.o
                0x00002224                __vector_43
 .text.__vector_44
                0x0000227e       0x5a src/ASF/thirdparty/wireless/services/mega/drivers/tc/tc_megarf.o
                0x0000227e                __vector_44
 .text.__vector_50
                0x000022d8       0x5a src/ASF/thirdparty/wireless/services/mega/drivers/tc/tc_megarf.o
                0x000022d8                __vector_50
 .text.__vector_47
                0x00002332       0x5a src/ASF/thirdparty/wireless/services/mega/drivers/tc/tc_megarf.o
                0x00002332                __vector_47
 .text.__vector_48
                0x0000238c       0x5a src/ASF/thirdparty/wireless/services/mega/drivers/tc/tc_megarf.o
                0x0000238c                __vector_48
 .text.__vector_49
                0x000023e6       0x5a src/ASF/thirdparty/wireless/services/mega/drivers/tc/tc_megarf.o
                0x000023e6                __vector_49
 .text.tc_enable
                0x00002440       0xee src/ASF/thirdparty/wireless/services/mega/drivers/tc/tc_megarf.o
                0x00002440                tc_enable
 .text.tc_disable
                0x0000252e       0xee src/ASF/thirdparty/wireless/services/mega/drivers/tc/tc_megarf.o
                0x0000252e                tc_disable
 .text.tc_set_overflow_interrupt_callback
                0x0000261c       0x40 src/ASF/thirdparty/wireless/services/mega/drivers/tc/tc_megarf.o
                0x0000261c                tc_set_overflow_interrupt_callback
 .text.tc_set_compa_interrupt_callback
                0x0000265c       0x40 src/ASF/thirdparty/wireless/services/mega/drivers/tc/tc_megarf.o
                0x0000265c                tc_set_compa_interrupt_callback
 .text.main     0x0000269c       0x16 src/main.o
                0x0000269c                main
 .text.tal_tx_frame_done_cb
                0x000026b2        0x6 src/main.o
                0x000026b2                tal_tx_frame_done_cb
 .text.tal_rx_frame_cb
                0x000026b8       0x18 src/main.o
                0x000026b8                tal_rx_frame_cb
 .text.libgcc.mul
                0x000026d0       0x1e c:/program files (x86)/atmel/studio/7.0/toolchain/avr8/avr8-gnu-toolchain/bin/../lib/gcc/avr/5.4.0/avr6\libgcc.a(_mulsi3.o)
                0x000026d0                __mulsi3
 .text.libgcc.div
                0x000026ee       0x28 c:/program files (x86)/atmel/studio/7.0/toolchain/avr8/avr8-gnu-toolchain/bin/../lib/gcc/avr/5.4.0/avr6\libgcc.a(_udivmodhi4.o)
                0x000026ee                __udivmodhi4
 .text.libgcc.div
                0x00002716       0x26 c:/program files (x86)/atmel/studio/7.0/toolchain/avr8/avr8-gnu-toolchain/bin/../lib/gcc/avr/5.4.0/avr6\libgcc.a(_divmodhi4.o)
                0x00002716                _div
                0x00002716                __divmodhi4
 .text.libgcc   0x0000273c       0x10 c:/program files (x86)/atmel/studio/7.0/toolchain/avr8/avr8-gnu-toolchain/bin/../lib/gcc/avr/5.4.0/avr6\libgcc.a(_tablejump2.o)
                0x0000273c                __tablejump2__
 .text.libgcc.mul
                0x0000274c       0x1e c:/program files (x86)/atmel/studio/7.0/toolchain/avr8/avr8-gnu-toolchain/bin/../lib/gcc/avr/5.4.0/avr6\libgcc.a(_umulhisi3.o)
                0x0000274c                __umulhisi3
 .text.libgcc.mul
                0x0000276a       0x14 c:/program files (x86)/atmel/studio/7.0/toolchain/avr8/avr8-gnu-toolchain/bin/../lib/gcc/avr/5.4.0/avr6\libgcc.a(_muluhisi3.o)
                0x0000276a                __muluhisi3
 .text.libgcc   0x0000277e       0x18 c:/program files (x86)/atmel/studio/7.0/toolchain/avr8/avr8-gnu-toolchain/bin/../lib/gcc/avr/5.4.0/avr6\libgcc.a(_adddi3_s8.o)
                0x0000277e                __adddi3_s8
 .text.libgcc   0x00002796       0x18 c:/program files (x86)/atmel/studio/7.0/toolchain/avr8/avr8-gnu-toolchain/bin/../lib/gcc/avr/5.4.0/avr6\libgcc.a(_cmpdi2_s8.o)
                0x00002796                __cmpdi2_s8
 .text.avr-libc
                0x000027ae       0xaa c:/program files (x86)/atmel/studio/7.0/toolchain/avr8/avr8-gnu-toolchain/bin/../lib/gcc/avr/5.4.0/../../../../avr/lib/avr6\libc.a(rand.o)
                0x0000283a                rand_r
                0x0000283c                rand
                0x00002842                srand
 .text.avr-libc
                0x00002858       0x12 c:/program files (x86)/atmel/studio/7.0/toolchain/avr8/avr8-gnu-toolchain/bin/../lib/gcc/avr/5.4.0/../../../../avr/lib/avr6\libc.a(memcpy.o)
                0x00002858                memcpy
 .text.libgcc.div
                0x0000286a       0x28 c:/program files (x86)/atmel/studio/7.0/toolchain/avr8/avr8-gnu-toolchain/bin/../lib/gcc/avr/5.4.0/avr6\libgcc.a(_divmodsi4.o)
                0x0000286a                __divmodsi4
 .text.libgcc.div
                0x00002892       0x10 c:/program files (x86)/atmel/studio/7.0/toolchain/avr8/avr8-gnu-toolchain/bin/../lib/gcc/avr/5.4.0/avr6\libgcc.a(_negsi2.o)
                0x00002892                __negsi2
 .text.libgcc.mul
                0x000028a2        0xc c:/program files (x86)/atmel/studio/7.0/toolchain/avr8/avr8-gnu-toolchain/bin/../lib/gcc/avr/5.4.0/avr6\libgcc.a(_mulshisi3.o)
                0x000028a2                __mulshisi3
                0x000028a6                __mulohisi3
 .text.libgcc.div
                0x000028ae       0x44 c:/program files (x86)/atmel/studio/7.0/toolchain/avr8/avr8-gnu-toolchain/bin/../lib/gcc/avr/5.4.0/avr6\libgcc.a(_udivmodsi4.o)
                0x000028ae                __udivmodsi4
                0x000028f2                . = ALIGN (0x2)
 *(.fini9)
 .fini9         0x000028f2        0x0 c:/program files (x86)/atmel/studio/7.0/toolchain/avr8/avr8-gnu-toolchain/bin/../lib/gcc/avr/5.4.0/avr6\libgcc.a(_exit.o)
                0x000028f2                _exit
                0x000028f2                exit
 *(.fini9)
 *(.fini8)
 *(.fini8)
 *(.fini7)
 *(.fini7)
 *(.fini6)
 *(.fini6)
 *(.fini5)
 *(.fini5)
 *(.fini4)
 *(.fini4)
 *(.fini3)
 *(.fini3)
 *(.fini2)
 *(.fini2)
 *(.fini1)
 *(.fini1)
 *(.fini0)
 .fini0         0x000028f2        0x4 c:/program files (x86)/atmel/studio/7.0/toolchain/avr8/avr8-gnu-toolchain/bin/../lib/gcc/avr/5.4.0/avr6\libgcc.a(_exit.o)
 *(.fini0)
                0x000028f6                _etext = .

.data           0x00800200       0x22 load address 0x000028f6
                0x00800200                PROVIDE (__data_start, .)
 *(.data)
 .data          0x00800200        0x4 c:/program files (x86)/atmel/studio/7.0/toolchain/avr8/avr8-gnu-toolchain/bin/../lib/gcc/avr/5.4.0/../../../../avr/lib/avr6\libc.a(rand.o)
 *(.data*)
 .data.A        0x00800204        0x2 src/usr_wireless.o
                0x00800204                A
 .data.nodo     0x00800206        0x1 src/usr_wireless.o
                0x00800206                nodo
 *(.gnu.linkonce.d*)
 *(.rodata)
 *(.rodata*)
 .rodata.str1.1
                0x00800207       0x1b src/usr_wireless.o
 *(.gnu.linkonce.r*)
                0x00800222                . = ALIGN (0x2)
                0x00800222                _edata = .
                0x00800222                PROVIDE (__data_end, .)

.bss            0x00800222      0x350
                0x00800222                PROVIDE (__bss_start, .)
 *(.bss)
 .bss           0x00800222        0xb ../src/ASF/thirdparty/wireless/services/common_hw_timer/mega/lib\libmegarfr2_lib_hw_timer.a(common_hw_timer.o)
 *(.bss*)
 .bss.coordinador
                0x0080022d        0x1 src/usr_wireless.o
                0x0080022d                coordinador
 .bss.seq_num.3026
                0x0080022e        0x2 src/Wireless/wireless_api.o
 .bss.storage_buffer
                0x00800230       0x8b src/Wireless/wireless_api.o
 .bss.alloc_timer_id
                0x008002bb        0x1 src/ASF/thirdparty/wireless/avr2025_mac/source/pal/common_sw_timer/common_sw_timer.o
 .bss.expired_timer_queue_tail
                0x008002bc        0x1 src/ASF/thirdparty/wireless/avr2025_mac/source/pal/common_sw_timer/common_sw_timer.o
 .bss.expired_timer_queue_head
                0x008002bd        0x1 src/ASF/thirdparty/wireless/avr2025_mac/source/pal/common_sw_timer/common_sw_timer.o
 .bss.running_timer_queue_head
                0x008002be        0x1 src/ASF/thirdparty/wireless/avr2025_mac/source/pal/common_sw_timer/common_sw_timer.o
 .bss.running_timers
                0x008002bf        0x1 src/ASF/thirdparty/wireless/avr2025_mac/source/pal/common_sw_timer/common_sw_timer.o
 .bss.free_large_buffer_q
                0x008002c0        0x5 src/ASF/thirdparty/wireless/avr2025_mac/source/resources/buffer/src/bmm.o
 .bss.buf_header
                0x008002c5        0xc src/ASF/thirdparty/wireless/avr2025_mac/source/resources/buffer/src/bmm.o
 .bss.buf_pool  0x008002d1      0x1a1 src/ASF/thirdparty/wireless/avr2025_mac/source/resources/buffer/src/bmm.o
 .bss.tal_rx_buffer
                0x00800472        0x2 src/ASF/thirdparty/wireless/avr2025_mac/source/tal/atmegarfr2/src/tal.o
                0x00800472                tal_rx_buffer
 .bss.irq_hdl_trx_awake
                0x00800474        0x2 src/ASF/thirdparty/wireless/avr2025_mac/source/tal/atmegarfr2/src/tal_irq_handler.o
 .bss.irq_hdl_trx_cca_ed
                0x00800476        0x2 src/ASF/thirdparty/wireless/avr2025_mac/source/tal/atmegarfr2/src/tal_irq_handler.o
 .bss.irq_hdl_trx_rx_end
                0x00800478        0x2 src/ASF/thirdparty/wireless/avr2025_mac/source/tal/atmegarfr2/src/tal_irq_handler.o
 .bss.irq_hdl_trx_tx_end
                0x0080047a        0x2 src/ASF/thirdparty/wireless/avr2025_mac/source/tal/atmegarfr2/src/tal_irq_handler.o
 .bss.trx_trac_status
                0x0080047c        0x1 src/ASF/thirdparty/wireless/avr2025_mac/source/tal/atmegarfr2/src/tal_tx.o
 .bss.tfa_pib_rx_sens
                0x0080047d        0x1 src/ASF/thirdparty/wireless/avr2025_mac/source/tfa/atmegarfr2/src/tfa.o
 .bss.tc_tccr5_compc_callback
                0x0080047e        0x2 src/ASF/thirdparty/wireless/services/mega/drivers/tc/tc_megarf.o
 .bss.tc_tccr5_compb_callback
                0x00800480        0x2 src/ASF/thirdparty/wireless/services/mega/drivers/tc/tc_megarf.o
 .bss.tc_tccr5_compa_callback
                0x00800482        0x2 src/ASF/thirdparty/wireless/services/mega/drivers/tc/tc_megarf.o
 .bss.tc_tccr5_ovf_callback
                0x00800484        0x2 src/ASF/thirdparty/wireless/services/mega/drivers/tc/tc_megarf.o
 .bss.tc_tccr4_compc_callback
                0x00800486        0x2 src/ASF/thirdparty/wireless/services/mega/drivers/tc/tc_megarf.o
 .bss.tc_tccr4_compb_callback
                0x00800488        0x2 src/ASF/thirdparty/wireless/services/mega/drivers/tc/tc_megarf.o
 .bss.tc_tccr4_compa_callback
                0x0080048a        0x2 src/ASF/thirdparty/wireless/services/mega/drivers/tc/tc_megarf.o
 .bss.tc_tccr4_ovf_callback
                0x0080048c        0x2 src/ASF/thirdparty/wireless/services/mega/drivers/tc/tc_megarf.o
 .bss.tc_tccr3_compc_callback
                0x0080048e        0x2 src/ASF/thirdparty/wireless/services/mega/drivers/tc/tc_megarf.o
 .bss.tc_tccr3_compb_callback
                0x00800490        0x2 src/ASF/thirdparty/wireless/services/mega/drivers/tc/tc_megarf.o
 .bss.tc_tccr3_compa_callback
                0x00800492        0x2 src/ASF/thirdparty/wireless/services/mega/drivers/tc/tc_megarf.o
 .bss.tc_tccr3_ovf_callback
                0x00800494        0x2 src/ASF/thirdparty/wireless/services/mega/drivers/tc/tc_megarf.o
 .bss.tc_tccr1_compc_callback
                0x00800496        0x2 src/ASF/thirdparty/wireless/services/mega/drivers/tc/tc_megarf.o
 .bss.tc_tccr1_compb_callback
                0x00800498        0x2 src/ASF/thirdparty/wireless/services/mega/drivers/tc/tc_megarf.o
 .bss.tc_tccr1_compa_callback
                0x0080049a        0x2 src/ASF/thirdparty/wireless/services/mega/drivers/tc/tc_megarf.o
 .bss.tc_tccr1_ovf_callback
                0x0080049c        0x2 src/ASF/thirdparty/wireless/services/mega/drivers/tc/tc_megarf.o
 *(COMMON)
 COMMON         0x0080049e       0x71 src/usr_wireless.o
                0x0080049e                trama_rx
 COMMON         0x0080050f       0x35 src/ASF/thirdparty/wireless/avr2025_mac/source/pal/common_sw_timer/common_sw_timer.o
                0x0080050f                sys_time
                0x00800511                timer_array
                0x00800543                timer_trigger
 COMMON         0x00800544       0x2d src/ASF/thirdparty/wireless/avr2025_mac/source/tal/atmegarfr2/src/tal.o
                0x00800544                tal_rx_on_required
                0x00800545                tal_incoming_frame_queue
                0x0080054a                mac_frame_ptr
                0x0080054c                tal_pib
                0x0080056b                tal_trx_status
                0x0080056c                last_frame_length
                0x0080056d                tal_frame_to_tx
                0x0080056f                tal_awake_end_flag
                0x00800570                tal_state
 COMMON         0x00800571        0x1 ../src/ASF/thirdparty/wireless/services/common_hw_timer/mega/lib\libmegarfr2_lib_hw_timer.a(common_hw_timer.o)
                0x00800571                timer_multiplier
                0x00800572                PROVIDE (__bss_end, .)
                0x000028f6                __data_load_start = LOADADDR (.data)
                0x00002918                __data_load_end = (__data_load_start + SIZEOF (.data))

.noinit         0x00800572        0x0
                [!provide]                PROVIDE (__noinit_start, .)
 *(.noinit*)
                [!provide]                PROVIDE (__noinit_end, .)
                0x00800572                _end = .
                [!provide]                PROVIDE (__heap_start, .)

.eeprom         0x00810000        0x0
 *(.eeprom*)
                0x00810000                __eeprom_end = .

.fuse
 *(.fuse)
 *(.lfuse)
 *(.hfuse)
 *(.efuse)

.lock
 *(.lock*)

.signature
 *(.signature*)

.user_signatures
 *(.user_signatures*)

.stab
 *(.stab)

.stabstr
 *(.stabstr)

.stab.excl
 *(.stab.excl)

.stab.exclstr
 *(.stab.exclstr)

.stab.index
 *(.stab.index)

.stab.indexstr
 *(.stab.indexstr)

.comment        0x00000000       0x30
 *(.comment)
 .comment       0x00000000       0x30 src/usr_wireless.o
                                 0x31 (size before relaxing)
 .comment       0x00000030       0x31 src/Wireless/wireless_api.o
 .comment       0x00000030       0x31 src/ASF/common/boards/user_board/init.o
 .comment       0x00000030       0x31 src/ASF/common/services/clock/mega/sysclk.o
 .comment       0x00000030       0x31 src/ASF/thirdparty/wireless/avr2025_mac/source/pal/common_sw_timer/common_sw_timer.o
 .comment       0x00000030       0x31 src/ASF/thirdparty/wireless/avr2025_mac/source/pal/pal.o
 .comment       0x00000030       0x31 src/ASF/thirdparty/wireless/avr2025_mac/source/resources/buffer/src/bmm.o
 .comment       0x00000030       0x31 src/ASF/thirdparty/wireless/avr2025_mac/source/resources/queue/src/qmm.o
 .comment       0x00000030       0x31 src/ASF/thirdparty/wireless/avr2025_mac/source/tal/atmegarfr2/src/tal.o
 .comment       0x00000030       0x31 src/ASF/thirdparty/wireless/avr2025_mac/source/tal/atmegarfr2/src/tal_init.o
 .comment       0x00000030       0x31 src/ASF/thirdparty/wireless/avr2025_mac/source/tal/atmegarfr2/src/tal_irq_handler.o
 .comment       0x00000030       0x31 src/ASF/thirdparty/wireless/avr2025_mac/source/tal/atmegarfr2/src/tal_pib.o
 .comment       0x00000030       0x31 src/ASF/thirdparty/wireless/avr2025_mac/source/tal/atmegarfr2/src/tal_rx.o
 .comment       0x00000030       0x31 src/ASF/thirdparty/wireless/avr2025_mac/source/tal/atmegarfr2/src/tal_rx_enable.o
 .comment       0x00000030       0x31 src/ASF/thirdparty/wireless/avr2025_mac/source/tal/atmegarfr2/src/tal_tx.o
 .comment       0x00000030       0x31 src/ASF/thirdparty/wireless/avr2025_mac/source/tal/src/tal_helper.o
 .comment       0x00000030       0x31 src/ASF/thirdparty/wireless/avr2025_mac/source/tfa/atmegarfr2/src/tfa.o
 .comment       0x00000030       0x31 src/ASF/thirdparty/wireless/services/common_hw_timer/mega/hw_timer.o
 .comment       0x00000030       0x31 src/ASF/thirdparty/wireless/services/mega/drivers/tc/tc_megarf.o
 .comment       0x00000030       0x31 src/main.o
 .comment       0x00000030       0x31 c:/program files (x86)/atmel/studio/7.0/toolchain/avr8/avr8-gnu-toolchain/bin/../lib/gcc/avr/5.4.0/../../../../avr/lib/avr6\libc.a(rand.o)

.note.gnu.avr.deviceinfo
                0x00000000       0x40
 .note.gnu.avr.deviceinfo
                0x00000000       0x40 C:/Program Files (x86)/Atmel/Studio/7.0/Packs/atmel/ATmega_DFP/1.3.300/gcc/dev/atmega256rfr2/avr6/crtatmega256rfr2.o

.note.gnu.build-id
 *(.note.gnu.build-id)

.debug
 *(.debug)

.line
 *(.line)

.debug_srcinfo
 *(.debug_srcinfo)

.debug_sfnames
 *(.debug_sfnames)

.debug_aranges  0x00000000      0x6f8
 *(.debug_aranges)
 .debug_aranges
                0x00000000       0x38 src/usr_wireless.o
 .debug_aranges
                0x00000038       0x40 src/Wireless/wireless_api.o
 .debug_aranges
                0x00000078       0x28 src/ASF/common/boards/user_board/init.o
 .debug_aranges
                0x000000a0       0x30 src/ASF/common/services/clock/mega/sysclk.o
 .debug_aranges
                0x000000d0       0x88 src/ASF/thirdparty/wireless/avr2025_mac/source/pal/common_sw_timer/common_sw_timer.o
 .debug_aranges
                0x00000158       0x68 src/ASF/thirdparty/wireless/avr2025_mac/source/pal/pal.o
 .debug_aranges
                0x000001c0       0x30 src/ASF/thirdparty/wireless/avr2025_mac/source/resources/buffer/src/bmm.o
 .debug_aranges
                0x000001f0       0x48 src/ASF/thirdparty/wireless/avr2025_mac/source/resources/queue/src/qmm.o
 .debug_aranges
                0x00000238       0x48 src/ASF/thirdparty/wireless/avr2025_mac/source/tal/atmegarfr2/src/tal.o
 .debug_aranges
                0x00000280       0x40 src/ASF/thirdparty/wireless/avr2025_mac/source/tal/atmegarfr2/src/tal_init.o
 .debug_aranges
                0x000002c0       0xc8 src/ASF/thirdparty/wireless/avr2025_mac/source/tal/atmegarfr2/src/tal_irq_handler.o
 .debug_aranges
                0x00000388       0x48 src/ASF/thirdparty/wireless/avr2025_mac/source/tal/atmegarfr2/src/tal_pib.o
 .debug_aranges
                0x000003d0       0x30 src/ASF/thirdparty/wireless/avr2025_mac/source/tal/atmegarfr2/src/tal_rx.o
 .debug_aranges
                0x00000400       0x20 src/ASF/thirdparty/wireless/avr2025_mac/source/tal/atmegarfr2/src/tal_rx_enable.o
 .debug_aranges
                0x00000420       0x40 src/ASF/thirdparty/wireless/avr2025_mac/source/tal/atmegarfr2/src/tal_tx.o
 .debug_aranges
                0x00000460       0xa0 src/ASF/thirdparty/wireless/avr2025_mac/source/tal/src/tal_helper.o
 .debug_aranges
                0x00000500       0x70 src/ASF/thirdparty/wireless/avr2025_mac/source/tfa/atmegarfr2/src/tfa.o
 .debug_aranges
                0x00000570       0x70 src/ASF/thirdparty/wireless/services/common_hw_timer/mega/hw_timer.o
 .debug_aranges
                0x000005e0       0xc8 src/ASF/thirdparty/wireless/services/mega/drivers/tc/tc_megarf.o
 .debug_aranges
                0x000006a8       0x30 src/main.o
 .debug_aranges
                0x000006d8       0x20 ../src/ASF/thirdparty/wireless/services/common_hw_timer/mega/lib\libmegarfr2_lib_hw_timer.a(common_hw_timer.o)

.debug_pubnames
 *(.debug_pubnames)

.debug_info     0x00000000     0x9bab
 *(.debug_info .gnu.linkonce.wi.*)
 .debug_info    0x00000000     0x13e6 C:/Program Files (x86)/Atmel/Studio/7.0/Packs/atmel/ATmega_DFP/1.3.300/gcc/dev/atmega256rfr2/avr6/crtatmega256rfr2.o
 .debug_info    0x000013e6      0x535 src/usr_wireless.o
 .debug_info    0x0000191b      0x8c9 src/Wireless/wireless_api.o
 .debug_info    0x000021e4       0x92 src/ASF/common/boards/user_board/init.o
 .debug_info    0x00002276      0x2b5 src/ASF/common/services/clock/mega/sysclk.o
 .debug_info    0x0000252b      0xbd2 src/ASF/thirdparty/wireless/avr2025_mac/source/pal/common_sw_timer/common_sw_timer.o
 .debug_info    0x000030fd      0x580 src/ASF/thirdparty/wireless/avr2025_mac/source/pal/pal.o
 .debug_info    0x0000367d      0x2ee src/ASF/thirdparty/wireless/avr2025_mac/source/resources/buffer/src/bmm.o
 .debug_info    0x0000396b      0x495 src/ASF/thirdparty/wireless/avr2025_mac/source/resources/queue/src/qmm.o
 .debug_info    0x00003e00      0xa13 src/ASF/thirdparty/wireless/avr2025_mac/source/tal/atmegarfr2/src/tal.o
 .debug_info    0x00004813      0xbbe src/ASF/thirdparty/wireless/avr2025_mac/source/tal/atmegarfr2/src/tal_init.o
 .debug_info    0x000053d1      0x460 src/ASF/thirdparty/wireless/avr2025_mac/source/tal/atmegarfr2/src/tal_irq_handler.o
 .debug_info    0x00005831      0x7f6 src/ASF/thirdparty/wireless/avr2025_mac/source/tal/atmegarfr2/src/tal_pib.o
 .debug_info    0x00006027      0x4c1 src/ASF/thirdparty/wireless/avr2025_mac/source/tal/atmegarfr2/src/tal_rx.o
 .debug_info    0x000064e8      0x39a src/ASF/thirdparty/wireless/avr2025_mac/source/tal/atmegarfr2/src/tal_rx_enable.o
 .debug_info    0x00006882      0x87d src/ASF/thirdparty/wireless/avr2025_mac/source/tal/atmegarfr2/src/tal_tx.o
 .debug_info    0x000070ff      0xa45 src/ASF/thirdparty/wireless/avr2025_mac/source/tal/src/tal_helper.o
 .debug_info    0x00007b44      0x9f4 src/ASF/thirdparty/wireless/avr2025_mac/source/tfa/atmegarfr2/src/tfa.o
 .debug_info    0x00008538      0x734 src/ASF/thirdparty/wireless/services/common_hw_timer/mega/hw_timer.o
 .debug_info    0x00008c6c      0x854 src/ASF/thirdparty/wireless/services/mega/drivers/tc/tc_megarf.o
 .debug_info    0x000094c0      0x46f src/main.o
 .debug_info    0x0000992f      0x27c ../src/ASF/thirdparty/wireless/services/common_hw_timer/mega/lib\libmegarfr2_lib_hw_timer.a(common_hw_timer.o)

.debug_abbrev   0x00000000     0x3d77
 *(.debug_abbrev)
 .debug_abbrev  0x00000000     0x12d6 C:/Program Files (x86)/Atmel/Studio/7.0/Packs/atmel/ATmega_DFP/1.3.300/gcc/dev/atmega256rfr2/avr6/crtatmega256rfr2.o
 .debug_abbrev  0x000012d6      0x1f0 src/usr_wireless.o
 .debug_abbrev  0x000014c6      0x25e src/Wireless/wireless_api.o
 .debug_abbrev  0x00001724       0x47 src/ASF/common/boards/user_board/init.o
 .debug_abbrev  0x0000176b      0x1a6 src/ASF/common/services/clock/mega/sysclk.o
 .debug_abbrev  0x00001911      0x3a3 src/ASF/thirdparty/wireless/avr2025_mac/source/pal/common_sw_timer/common_sw_timer.o
 .debug_abbrev  0x00001cb4      0x156 src/ASF/thirdparty/wireless/avr2025_mac/source/pal/pal.o
 .debug_abbrev  0x00001e0a      0x140 src/ASF/thirdparty/wireless/avr2025_mac/source/resources/buffer/src/bmm.o
 .debug_abbrev  0x00001f4a      0x256 src/ASF/thirdparty/wireless/avr2025_mac/source/resources/queue/src/qmm.o
 .debug_abbrev  0x000021a0      0x295 src/ASF/thirdparty/wireless/avr2025_mac/source/tal/atmegarfr2/src/tal.o
 .debug_abbrev  0x00002435      0x30c src/ASF/thirdparty/wireless/avr2025_mac/source/tal/atmegarfr2/src/tal_init.o
 .debug_abbrev  0x00002741      0x1a4 src/ASF/thirdparty/wireless/avr2025_mac/source/tal/atmegarfr2/src/tal_irq_handler.o
 .debug_abbrev  0x000028e5      0x282 src/ASF/thirdparty/wireless/avr2025_mac/source/tal/atmegarfr2/src/tal_pib.o
 .debug_abbrev  0x00002b67      0x237 src/ASF/thirdparty/wireless/avr2025_mac/source/tal/atmegarfr2/src/tal_rx.o
 .debug_abbrev  0x00002d9e      0x100 src/ASF/thirdparty/wireless/avr2025_mac/source/tal/atmegarfr2/src/tal_rx_enable.o
 .debug_abbrev  0x00002e9e      0x2af src/ASF/thirdparty/wireless/avr2025_mac/source/tal/atmegarfr2/src/tal_tx.o
 .debug_abbrev  0x0000314d      0x2b1 src/ASF/thirdparty/wireless/avr2025_mac/source/tal/src/tal_helper.o
 .debug_abbrev  0x000033fe      0x2e8 src/ASF/thirdparty/wireless/avr2025_mac/source/tfa/atmegarfr2/src/tfa.o
 .debug_abbrev  0x000036e6      0x21b src/ASF/thirdparty/wireless/services/common_hw_timer/mega/hw_timer.o
 .debug_abbrev  0x00003901      0x1d3 src/ASF/thirdparty/wireless/services/mega/drivers/tc/tc_megarf.o
 .debug_abbrev  0x00003ad4      0x18c src/main.o
 .debug_abbrev  0x00003c60      0x117 ../src/ASF/thirdparty/wireless/services/common_hw_timer/mega/lib\libmegarfr2_lib_hw_timer.a(common_hw_timer.o)

.debug_line     0x00000000     0xc97f
 *(.debug_line .debug_line.* .debug_line_end)
 .debug_line    0x00000000      0x271 C:/Program Files (x86)/Atmel/Studio/7.0/Packs/atmel/ATmega_DFP/1.3.300/gcc/dev/atmega256rfr2/avr6/crtatmega256rfr2.o
 .debug_line    0x00000271      0x90c src/usr_wireless.o
 .debug_line    0x00000b7d      0xa04 src/Wireless/wireless_api.o
 .debug_line    0x00001581      0x554 src/ASF/common/boards/user_board/init.o
 .debug_line    0x00001ad5      0x4b0 src/ASF/common/services/clock/mega/sysclk.o
 .debug_line    0x00001f85      0xabd src/ASF/thirdparty/wireless/avr2025_mac/source/pal/common_sw_timer/common_sw_timer.o
 .debug_line    0x00002a42      0x79c src/ASF/thirdparty/wireless/avr2025_mac/source/pal/pal.o
 .debug_line    0x000031de      0x8da src/ASF/thirdparty/wireless/avr2025_mac/source/resources/buffer/src/bmm.o
 .debug_line    0x00003ab8      0x9ec src/ASF/thirdparty/wireless/avr2025_mac/source/resources/queue/src/qmm.o
 .debug_line    0x000044a4      0xc2e src/ASF/thirdparty/wireless/avr2025_mac/source/tal/atmegarfr2/src/tal.o
 .debug_line    0x000050d2      0xc01 src/ASF/thirdparty/wireless/avr2025_mac/source/tal/atmegarfr2/src/tal_init.o
 .debug_line    0x00005cd3      0xb1d src/ASF/thirdparty/wireless/avr2025_mac/source/tal/atmegarfr2/src/tal_irq_handler.o
 .debug_line    0x000067f0      0xdd1 src/ASF/thirdparty/wireless/avr2025_mac/source/tal/atmegarfr2/src/tal_pib.o
 .debug_line    0x000075c1      0x9eb src/ASF/thirdparty/wireless/avr2025_mac/source/tal/atmegarfr2/src/tal_rx.o
 .debug_line    0x00007fac      0x8f9 src/ASF/thirdparty/wireless/avr2025_mac/source/tal/atmegarfr2/src/tal_rx_enable.o
 .debug_line    0x000088a5      0xaa9 src/ASF/thirdparty/wireless/avr2025_mac/source/tal/atmegarfr2/src/tal_tx.o
 .debug_line    0x0000934e      0xf32 src/ASF/thirdparty/wireless/avr2025_mac/source/tal/src/tal_helper.o
 .debug_line    0x0000a280      0xd8f src/ASF/thirdparty/wireless/avr2025_mac/source/tfa/atmegarfr2/src/tfa.o
 .debug_line    0x0000b00f      0x642 src/ASF/thirdparty/wireless/services/common_hw_timer/mega/hw_timer.o
 .debug_line    0x0000b651      0x91c src/ASF/thirdparty/wireless/services/mega/drivers/tc/tc_megarf.o
 .debug_line    0x0000bf6d      0x8cd src/main.o
 .debug_line    0x0000c83a      0x145 ../src/ASF/thirdparty/wireless/services/common_hw_timer/mega/lib\libmegarfr2_lib_hw_timer.a(common_hw_timer.o)

.debug_frame    0x00000000     0x1790
 *(.debug_frame)
 .debug_frame   0x00000000       0x68 src/usr_wireless.o
 .debug_frame   0x00000068       0xe4 src/Wireless/wireless_api.o
 .debug_frame   0x0000014c       0x34 src/ASF/common/boards/user_board/init.o
 .debug_frame   0x00000180       0x74 src/ASF/common/services/clock/mega/sysclk.o
 .debug_frame   0x000001f4      0x210 src/ASF/thirdparty/wireless/avr2025_mac/source/pal/common_sw_timer/common_sw_timer.o
 .debug_frame   0x00000404       0xe0 src/ASF/thirdparty/wireless/avr2025_mac/source/pal/pal.o
 .debug_frame   0x000004e4       0x50 src/ASF/thirdparty/wireless/avr2025_mac/source/resources/buffer/src/bmm.o
 .debug_frame   0x00000534       0xd4 src/ASF/thirdparty/wireless/avr2025_mac/source/resources/queue/src/qmm.o
 .debug_frame   0x00000608       0xa8 src/ASF/thirdparty/wireless/avr2025_mac/source/tal/atmegarfr2/src/tal.o
 .debug_frame   0x000006b0       0xf4 src/ASF/thirdparty/wireless/avr2025_mac/source/tal/atmegarfr2/src/tal_init.o
 .debug_frame   0x000007a4      0x348 src/ASF/thirdparty/wireless/avr2025_mac/source/tal/atmegarfr2/src/tal_irq_handler.o
 .debug_frame   0x00000aec       0x98 src/ASF/thirdparty/wireless/avr2025_mac/source/tal/atmegarfr2/src/tal_pib.o
 .debug_frame   0x00000b84       0x78 src/ASF/thirdparty/wireless/avr2025_mac/source/tal/atmegarfr2/src/tal_rx.o
 .debug_frame   0x00000bfc       0x24 src/ASF/thirdparty/wireless/avr2025_mac/source/tal/atmegarfr2/src/tal_rx_enable.o
 .debug_frame   0x00000c20       0x7c src/ASF/thirdparty/wireless/avr2025_mac/source/tal/atmegarfr2/src/tal_tx.o
 .debug_frame   0x00000c9c      0x19c src/ASF/thirdparty/wireless/avr2025_mac/source/tal/src/tal_helper.o
 .debug_frame   0x00000e38      0x13c src/ASF/thirdparty/wireless/avr2025_mac/source/tfa/atmegarfr2/src/tfa.o
 .debug_frame   0x00000f74       0xe0 src/ASF/thirdparty/wireless/services/common_hw_timer/mega/hw_timer.o
 .debug_frame   0x00001054      0x624 src/ASF/thirdparty/wireless/services/mega/drivers/tc/tc_megarf.o
 .debug_frame   0x00001678       0x50 src/main.o
 .debug_frame   0x000016c8       0xc8 ../src/ASF/thirdparty/wireless/services/common_hw_timer/mega/lib\libmegarfr2_lib_hw_timer.a(common_hw_timer.o)

.debug_str      0x00000000    0x1efe7
 *(.debug_str)
 .debug_str     0x00000000      0x7f7 C:/Program Files (x86)/Atmel/Studio/7.0/Packs/atmel/ATmega_DFP/1.3.300/gcc/dev/atmega256rfr2/avr6/crtatmega256rfr2.o
 .debug_str     0x000007f7    0x1b2db src/usr_wireless.o
                              0x1b59b (size before relaxing)
 .debug_str     0x0001bad2      0x3c2 src/Wireless/wireless_api.o
                              0x1b86f (size before relaxing)
 .debug_str     0x0001be94       0x38 src/ASF/common/boards/user_board/init.o
                              0x16e9e (size before relaxing)
 .debug_str     0x0001becc       0xff src/ASF/common/services/clock/mega/sysclk.o
                              0x16a34 (size before relaxing)
 .debug_str     0x0001bfcb      0x577 src/ASF/thirdparty/wireless/avr2025_mac/source/pal/common_sw_timer/common_sw_timer.o
                              0x16d64 (size before relaxing)
 .debug_str     0x0001c542      0x14d src/ASF/thirdparty/wireless/avr2025_mac/source/pal/pal.o
                              0x17b13 (size before relaxing)
 .debug_str     0x0001c68f      0x25a src/ASF/thirdparty/wireless/avr2025_mac/source/resources/buffer/src/bmm.o
                              0x1acff (size before relaxing)
 .debug_str     0x0001c8e9      0x10e src/ASF/thirdparty/wireless/avr2025_mac/source/resources/queue/src/qmm.o
                              0x1a7a4 (size before relaxing)
 .debug_str     0x0001c9f7      0xe1e src/ASF/thirdparty/wireless/avr2025_mac/source/tal/atmegarfr2/src/tal.o
                              0x1bc05 (size before relaxing)
 .debug_str     0x0001d815      0x32e src/ASF/thirdparty/wireless/avr2025_mac/source/tal/atmegarfr2/src/tal_init.o
                              0x1c02e (size before relaxing)
 .debug_str     0x0001db43      0x33f src/ASF/thirdparty/wireless/avr2025_mac/source/tal/atmegarfr2/src/tal_irq_handler.o
                              0x1b935 (size before relaxing)
 .debug_str     0x0001de82      0x15f src/ASF/thirdparty/wireless/avr2025_mac/source/tal/atmegarfr2/src/tal_pib.o
                              0x1bcf5 (size before relaxing)
 .debug_str     0x0001dfe1      0x17a src/ASF/thirdparty/wireless/avr2025_mac/source/tal/atmegarfr2/src/tal_rx.o
                              0x1bb48 (size before relaxing)
 .debug_str     0x0001e15b       0x55 src/ASF/thirdparty/wireless/avr2025_mac/source/tal/atmegarfr2/src/tal_rx_enable.o
                              0x1bafd (size before relaxing)
 .debug_str     0x0001e1b0       0xc3 src/ASF/thirdparty/wireless/avr2025_mac/source/tal/atmegarfr2/src/tal_tx.o
                              0x1bfac (size before relaxing)
 .debug_str     0x0001e273      0x2c8 src/ASF/thirdparty/wireless/avr2025_mac/source/tal/src/tal_helper.o
                              0x1bc2f (size before relaxing)
 .debug_str     0x0001e53b      0x24c src/ASF/thirdparty/wireless/avr2025_mac/source/tfa/atmegarfr2/src/tfa.o
                              0x1bffd (size before relaxing)
 .debug_str     0x0001e787      0x414 src/ASF/thirdparty/wireless/services/common_hw_timer/mega/hw_timer.o
                              0x16e8b (size before relaxing)
 .debug_str     0x0001eb9b      0x2f1 src/ASF/thirdparty/wireless/services/mega/drivers/tc/tc_megarf.o
                              0x16da1 (size before relaxing)
 .debug_str     0x0001ee8c       0x20 src/main.o
                              0x1b3b6 (size before relaxing)
 .debug_str     0x0001eeac      0x13b ../src/ASF/thirdparty/wireless/services/common_hw_timer/mega/lib\libmegarfr2_lib_hw_timer.a(common_hw_timer.o)
                                0x2a0 (size before relaxing)

.debug_loc      0x00000000     0x6172
 *(.debug_loc)
 .debug_loc     0x00000000       0xcb src/usr_wireless.o
 .debug_loc     0x000000cb      0x58f src/Wireless/wireless_api.o
 .debug_loc     0x0000065a      0x1f2 src/ASF/common/services/clock/mega/sysclk.o
 .debug_loc     0x0000084c      0xe18 src/ASF/thirdparty/wireless/avr2025_mac/source/pal/common_sw_timer/common_sw_timer.o
 .debug_loc     0x00001664      0x2c3 src/ASF/thirdparty/wireless/avr2025_mac/source/pal/pal.o
 .debug_loc     0x00001927       0xe2 src/ASF/thirdparty/wireless/avr2025_mac/source/resources/buffer/src/bmm.o
 .debug_loc     0x00001a09      0x479 src/ASF/thirdparty/wireless/avr2025_mac/source/resources/queue/src/qmm.o
 .debug_loc     0x00001e82      0x221 src/ASF/thirdparty/wireless/avr2025_mac/source/tal/atmegarfr2/src/tal.o
 .debug_loc     0x000020a3      0x432 src/ASF/thirdparty/wireless/avr2025_mac/source/tal/atmegarfr2/src/tal_init.o
 .debug_loc     0x000024d5      0x5db src/ASF/thirdparty/wireless/avr2025_mac/source/tal/atmegarfr2/src/tal_irq_handler.o
 .debug_loc     0x00002ab0      0x7dd src/ASF/thirdparty/wireless/avr2025_mac/source/tal/atmegarfr2/src/tal_pib.o
 .debug_loc     0x0000328d      0x2f4 src/ASF/thirdparty/wireless/avr2025_mac/source/tal/atmegarfr2/src/tal_rx.o
 .debug_loc     0x00003581       0x53 src/ASF/thirdparty/wireless/avr2025_mac/source/tal/atmegarfr2/src/tal_rx_enable.o
 .debug_loc     0x000035d4      0x1d7 src/ASF/thirdparty/wireless/avr2025_mac/source/tal/atmegarfr2/src/tal_tx.o
 .debug_loc     0x000037ab      0xbc0 src/ASF/thirdparty/wireless/avr2025_mac/source/tal/src/tal_helper.o
 .debug_loc     0x0000436b      0x6e7 src/ASF/thirdparty/wireless/avr2025_mac/source/tfa/atmegarfr2/src/tfa.o
 .debug_loc     0x00004a52      0x1ec src/ASF/thirdparty/wireless/services/common_hw_timer/mega/hw_timer.o
 .debug_loc     0x00004c3e     0x131a src/ASF/thirdparty/wireless/services/mega/drivers/tc/tc_megarf.o
 .debug_loc     0x00005f58       0xac src/main.o
 .debug_loc     0x00006004      0x16e ../src/ASF/thirdparty/wireless/services/common_hw_timer/mega/lib\libmegarfr2_lib_hw_timer.a(common_hw_timer.o)

.debug_macinfo
 *(.debug_macinfo)

.debug_weaknames
 *(.debug_weaknames)

.debug_funcnames
 *(.debug_funcnames)

.debug_typenames
 *(.debug_typenames)

.debug_varnames
 *(.debug_varnames)

.debug_pubtypes
 *(.debug_pubtypes)

.debug_ranges   0x00000000      0x668
 *(.debug_ranges)
 .debug_ranges  0x00000000       0x28 src/usr_wireless.o
 .debug_ranges  0x00000028       0x30 src/Wireless/wireless_api.o
 .debug_ranges  0x00000058       0x18 src/ASF/common/boards/user_board/init.o
 .debug_ranges  0x00000070       0x20 src/ASF/common/services/clock/mega/sysclk.o
 .debug_ranges  0x00000090       0xe0 src/ASF/thirdparty/wireless/avr2025_mac/source/pal/common_sw_timer/common_sw_timer.o
 .debug_ranges  0x00000170       0x58 src/ASF/thirdparty/wireless/avr2025_mac/source/pal/pal.o
 .debug_ranges  0x000001c8       0x20 src/ASF/thirdparty/wireless/avr2025_mac/source/resources/buffer/src/bmm.o
 .debug_ranges  0x000001e8       0x50 src/ASF/thirdparty/wireless/avr2025_mac/source/resources/queue/src/qmm.o
 .debug_ranges  0x00000238       0x38 src/ASF/thirdparty/wireless/avr2025_mac/source/tal/atmegarfr2/src/tal.o
 .debug_ranges  0x00000270       0x30 src/ASF/thirdparty/wireless/avr2025_mac/source/tal/atmegarfr2/src/tal_init.o
 .debug_ranges  0x000002a0       0xb8 src/ASF/thirdparty/wireless/avr2025_mac/source/tal/atmegarfr2/src/tal_irq_handler.o
 .debug_ranges  0x00000358       0x88 src/ASF/thirdparty/wireless/avr2025_mac/source/tal/atmegarfr2/src/tal_pib.o
 .debug_ranges  0x000003e0       0x20 src/ASF/thirdparty/wireless/avr2025_mac/source/tal/atmegarfr2/src/tal_rx.o
 .debug_ranges  0x00000400       0x10 src/ASF/thirdparty/wireless/avr2025_mac/source/tal/atmegarfr2/src/tal_rx_enable.o
 .debug_ranges  0x00000410       0x30 src/ASF/thirdparty/wireless/avr2025_mac/source/tal/atmegarfr2/src/tal_tx.o
 .debug_ranges  0x00000440       0x90 src/ASF/thirdparty/wireless/avr2025_mac/source/tal/src/tal_helper.o
 .debug_ranges  0x000004d0       0x60 src/ASF/thirdparty/wireless/avr2025_mac/source/tfa/atmegarfr2/src/tfa.o
 .debug_ranges  0x00000530       0x60 src/ASF/thirdparty/wireless/services/common_hw_timer/mega/hw_timer.o
 .debug_ranges  0x00000590       0xb8 src/ASF/thirdparty/wireless/services/mega/drivers/tc/tc_megarf.o
 .debug_ranges  0x00000648       0x20 src/main.o

.debug_macro    0x00000000     0xaf79
 *(.debug_macro)
 .debug_macro   0x00000000      0x2c7 src/usr_wireless.o
 .debug_macro   0x000002c7      0xa9c src/usr_wireless.o
 .debug_macro   0x00000d63       0x10 src/usr_wireless.o
 .debug_macro   0x00000d73      0x1c9 src/usr_wireless.o
 .debug_macro   0x00000f3c      0x2fc src/usr_wireless.o
 .debug_macro   0x00001238       0x9e src/usr_wireless.o
 .debug_macro   0x000012d6     0x37d1 src/usr_wireless.o
 .debug_macro   0x00004aa7      0x219 src/usr_wireless.o
 .debug_macro   0x00004cc0       0xd9 src/usr_wireless.o
 .debug_macro   0x00004d99       0x34 src/usr_wireless.o
 .debug_macro   0x00004dcd       0x18 src/usr_wireless.o
 .debug_macro   0x00004de5       0x6c src/usr_wireless.o
 .debug_macro   0x00004e51       0x22 src/usr_wireless.o
 .debug_macro   0x00004e73      0x16d src/usr_wireless.o
 .debug_macro   0x00004fe0       0x1c src/usr_wireless.o
 .debug_macro   0x00004ffc       0x35 src/usr_wireless.o
 .debug_macro   0x00005031       0x66 src/usr_wireless.o
 .debug_macro   0x00005097      0x708 src/usr_wireless.o
 .debug_macro   0x0000579f       0x43 src/usr_wireless.o
 .debug_macro   0x000057e2       0x69 src/usr_wireless.o
 .debug_macro   0x0000584b       0x31 src/usr_wireless.o
 .debug_macro   0x0000587c       0x10 src/usr_wireless.o
 .debug_macro   0x0000588c      0x175 src/usr_wireless.o
 .debug_macro   0x00005a01       0x40 src/usr_wireless.o
 .debug_macro   0x00005a41      0x100 src/usr_wireless.o
 .debug_macro   0x00005b41       0x22 src/usr_wireless.o
 .debug_macro   0x00005b63       0x3a src/usr_wireless.o
 .debug_macro   0x00005b9d      0x2d8 src/usr_wireless.o
 .debug_macro   0x00005e75       0xc9 src/usr_wireless.o
 .debug_macro   0x00005f3e       0x28 src/usr_wireless.o
 .debug_macro   0x00005f66       0x22 src/usr_wireless.o
 .debug_macro   0x00005f88       0x6e src/usr_wireless.o
 .debug_macro   0x00005ff6       0x16 src/usr_wireless.o
 .debug_macro   0x0000600c       0x1c src/usr_wireless.o
 .debug_macro   0x00006028       0x16 src/usr_wireless.o
 .debug_macro   0x0000603e       0x3a src/usr_wireless.o
 .debug_macro   0x00006078       0x78 src/usr_wireless.o
 .debug_macro   0x000060f0       0x46 src/usr_wireless.o
 .debug_macro   0x00006136      0x7e3 src/usr_wireless.o
 .debug_macro   0x00006919       0x28 src/usr_wireless.o
 .debug_macro   0x00006941       0x22 src/usr_wireless.o
 .debug_macro   0x00006963       0x10 src/usr_wireless.o
 .debug_macro   0x00006973      0x461 src/usr_wireless.o
 .debug_macro   0x00006dd4       0x30 src/usr_wireless.o
 .debug_macro   0x00006e04       0x10 src/usr_wireless.o
 .debug_macro   0x00006e14       0x27 src/usr_wireless.o
 .debug_macro   0x00006e3b       0x99 src/usr_wireless.o
 .debug_macro   0x00006ed4       0x9e src/usr_wireless.o
 .debug_macro   0x00006f72       0x16 src/usr_wireless.o
 .debug_macro   0x00006f88       0xa0 src/usr_wireless.o
 .debug_macro   0x00007028       0x6a src/usr_wireless.o
 .debug_macro   0x00007092      0x2c7 src/Wireless/wireless_api.o
 .debug_macro   0x00007359      0x1b1 src/ASF/common/boards/user_board/init.o
 .debug_macro   0x0000750a      0x15b src/ASF/common/services/clock/mega/sysclk.o
 .debug_macro   0x00007665      0x174 src/ASF/thirdparty/wireless/avr2025_mac/source/pal/common_sw_timer/common_sw_timer.o
 .debug_macro   0x000077d9       0x10 src/ASF/thirdparty/wireless/avr2025_mac/source/pal/common_sw_timer/common_sw_timer.o
 .debug_macro   0x000077e9      0x1f8 src/ASF/thirdparty/wireless/avr2025_mac/source/pal/pal.o
 .debug_macro   0x000079e1       0x28 src/ASF/thirdparty/wireless/avr2025_mac/source/pal/pal.o
 .debug_macro   0x00007a09       0xcf src/ASF/thirdparty/wireless/avr2025_mac/source/pal/pal.o
 .debug_macro   0x00007ad8      0x277 src/ASF/thirdparty/wireless/avr2025_mac/source/resources/buffer/src/bmm.o
 .debug_macro   0x00007d4f      0x10e src/ASF/thirdparty/wireless/avr2025_mac/source/resources/buffer/src/bmm.o
 .debug_macro   0x00007e5d      0x302 src/ASF/thirdparty/wireless/avr2025_mac/source/resources/buffer/src/bmm.o
 .debug_macro   0x0000815f       0x86 src/ASF/thirdparty/wireless/avr2025_mac/source/resources/buffer/src/bmm.o
 .debug_macro   0x000081e5       0x34 src/ASF/thirdparty/wireless/avr2025_mac/source/resources/buffer/src/bmm.o
 .debug_macro   0x00008219      0x255 src/ASF/thirdparty/wireless/avr2025_mac/source/resources/queue/src/qmm.o
 .debug_macro   0x0000846e      0x7e9 src/ASF/thirdparty/wireless/avr2025_mac/source/resources/queue/src/qmm.o
 .debug_macro   0x00008c57       0x2e src/ASF/thirdparty/wireless/avr2025_mac/source/resources/queue/src/qmm.o
 .debug_macro   0x00008c85      0x2bb src/ASF/thirdparty/wireless/avr2025_mac/source/tal/atmegarfr2/src/tal.o
 .debug_macro   0x00008f40       0x16 src/ASF/thirdparty/wireless/avr2025_mac/source/tal/atmegarfr2/src/tal.o
 .debug_macro   0x00008f56       0x22 src/ASF/thirdparty/wireless/avr2025_mac/source/tal/atmegarfr2/src/tal.o
 .debug_macro   0x00008f78       0x82 src/ASF/thirdparty/wireless/avr2025_mac/source/tal/atmegarfr2/src/tal.o
 .debug_macro   0x00008ffa      0x14c src/ASF/thirdparty/wireless/avr2025_mac/source/tal/atmegarfr2/src/tal.o
 .debug_macro   0x00009146      0x2c2 src/ASF/thirdparty/wireless/avr2025_mac/source/tal/atmegarfr2/src/tal_init.o
 .debug_macro   0x00009408       0x1c src/ASF/thirdparty/wireless/avr2025_mac/source/tal/atmegarfr2/src/tal_init.o
 .debug_macro   0x00009424      0x2c3 src/ASF/thirdparty/wireless/avr2025_mac/source/tal/atmegarfr2/src/tal_irq_handler.o
 .debug_macro   0x000096e7      0x2ab src/ASF/thirdparty/wireless/avr2025_mac/source/tal/atmegarfr2/src/tal_pib.o
 .debug_macro   0x00009992       0x97 src/ASF/thirdparty/wireless/avr2025_mac/source/tal/atmegarfr2/src/tal_pib.o
 .debug_macro   0x00009a29       0x16 src/ASF/thirdparty/wireless/avr2025_mac/source/tal/atmegarfr2/src/tal_pib.o
 .debug_macro   0x00009a3f       0xf6 src/ASF/thirdparty/wireless/avr2025_mac/source/tal/atmegarfr2/src/tal_pib.o
 .debug_macro   0x00009b35       0x5a src/ASF/thirdparty/wireless/avr2025_mac/source/tal/atmegarfr2/src/tal_pib.o
 .debug_macro   0x00009b8f      0x2e2 src/ASF/thirdparty/wireless/avr2025_mac/source/tal/atmegarfr2/src/tal_rx.o
 .debug_macro   0x00009e71      0x2b5 src/ASF/thirdparty/wireless/avr2025_mac/source/tal/atmegarfr2/src/tal_rx_enable.o
 .debug_macro   0x0000a126      0x2c8 src/ASF/thirdparty/wireless/avr2025_mac/source/tal/atmegarfr2/src/tal_tx.o
 .debug_macro   0x0000a3ee      0x286 src/ASF/thirdparty/wireless/avr2025_mac/source/tal/src/tal_helper.o
 .debug_macro   0x0000a674      0x2b9 src/ASF/thirdparty/wireless/avr2025_mac/source/tfa/atmegarfr2/src/tfa.o
 .debug_macro   0x0000a92d       0x97 src/ASF/thirdparty/wireless/avr2025_mac/source/tfa/atmegarfr2/src/tfa.o
 .debug_macro   0x0000a9c4      0x190 src/ASF/thirdparty/wireless/services/common_hw_timer/mega/hw_timer.o
 .debug_macro   0x0000ab54       0x10 src/ASF/thirdparty/wireless/services/common_hw_timer/mega/hw_timer.o
 .debug_macro   0x0000ab64      0x168 src/ASF/thirdparty/wireless/services/mega/drivers/tc/tc_megarf.o
 .debug_macro   0x0000accc      0x2ad src/main.o
OUTPUT(ptxrx1.elf elf32-avr)
LOAD linker stubs
